
_____________     _______
_____   __   \____ __   /____ ____________
____   /_/  /  __ ` /  /  __ ` /  ___/  _ \
___   _____/  /_/  /  /  /_/  /  /__/  ___/
  /__/     \___,__/__/\___,__/\_____\_____/

Git changeset ID: v0.18.1-dirty
Running with 1 MPI process
Device configuration: cpu
Memory configuration: host-std
libCEED backend: /cpu/self/opt/blocked

Added 1446 boundary elements for material interfaces to the mesh

Characteristic length and time scales:
 Lc = 8.000e-03 m, tc = 2.669e-02 ns
Finished partitioning mesh into 1 subdomain

Mesh curvature order: 1
Mesh bounding box:
 (Xmin, Ymin, Zmin) = (-4.000e-03, -2.200e-03, -1.000e-03) m
 (Xmax, Ymax, Zmax) = (+4.000e-03, +2.200e-03, +1.270e-03) m

Parallel Mesh Stats:

                minimum     average     maximum       total
 vertices          3805        3805        3805        3805
 edges            21262       21262       21262       21262
 faces            32173       32173       32173       32173
 elements         14712       14712       14712       14712
 neighbors            0           0           0

            minimum     maximum
 h       0.00458175    0.110998
 kappa      1.04364     48.9531

Estimated current per-rank memory usage is: Min. 27.0M, Max. 27.0M, Avg. 27.0M, Total 27.0M
Estimated current per-node memory usage is: Min. 27.0M, Max. 27.0M, Avg. 27.0M, Total 27.0M

Configuring Robin absorbing BC (order 1) at attributes:
 13

Configuring Robin impedance BC for lumped ports at attributes:
 21: Rs = 5.000e+01 Ω/sq, n = (+1.0,+0.0,+0.0)
 22: Rs = 5.000e+01 Ω/sq, n = (+1.0,+0.0,+0.0)
 23: Rs = 5.000e+01 Ω/sq, n = (+1.0,+0.0,+0.0)
 24: Rs = 5.000e+01 Ω/sq, n = (+1.0,+0.0,+0.0)

Configuring lumped port circuit properties:
 Index = 1: R = 5.000e+01 Ω
 Index = 2: R = 5.000e+01 Ω
 Index = 3: R = 5.000e+01 Ω
 Index = 4: R = 5.000e+01 Ω

Configuring lumped port excitation source term at attributes:
 21: Index = 1
 22: Index = 2
 23: Index = 3
 24: Index = 4

Configuring Dirichlet PEC BC at attributes:
 11-12, 14

Computing frequency response for:
Excitation 1/4 with index 1 has contributions from:
 Lumped port  1
Excitation 2/4 with index 2 has contributions from:
 Lumped port  2
Excitation 3/4 with index 3 has contributions from:
 Lumped port  3
Excitation 4/4 with index 4 has contributions from:
 Lumped port  4

Assembling system matrices, number of global unknowns:
 H1 (p = 1): 3805, ND (p = 1): 21262, RT (p = 1): 32173
 Operator assembly level: Partial
 Mesh geometries:
  Tetrahedron: P = 6, Q = 4 (quadrature order = 2)

Sweeping excitation index 1 (1/4):

Assembling multigrid hierarchy:
 Level 0 (p = 1): 21262 unknowns
 Level 0 (auxiliary) (p = 1): 3805 unknowns

It 1/1: ω/2π = 1.000e+00 GHz (total elapsed time = 7.84e-02 s, solve 1/4)

  Residual norms for GMRES solve
  0 (restart 0) KSP residual norm 1.072292e+01
  1 (restart 0) KSP residual norm 9.557433e-10
GMRES solver converged in 1 iteration (avg. reduction factor: 8.913e-11)
 Sol. ||E|| = 1.072292e+01 (||RHS|| = 6.588294e-01)
 Field energy E (1.370e-11 J) + H (1.121e-11 J) = 2.491e-11 J
 S[1][1] = -2.562e-03-1.560e-02i, |S[1][1]| = -3.602e+01, arg(S[1][1]) = -9.932e+01
 S[2][1] = +9.860e-01-1.559e-01i, |S[2][1]| = -1.506e-02, arg(S[2][1]) = -8.985e+00
 S[3][1] = +8.809e-03+5.535e-02i, |S[3][1]| = -2.503e+01, arg(S[3][1]) = +8.096e+01
 S[4][1] = +9.395e-04+2.641e-04i, |S[4][1]| = -6.021e+01, arg(S[4][1]) = +1.570e+01

 Wrote fields to disk (Paraview) at step 1
 Updating solution error estimates

Sweeping excitation index 2 (2/4):

It 1/1: ω/2π = 1.000e+00 GHz (total elapsed time = 7.72e-01 s, solve 2/4)

  Residual norms for GMRES solve
  0 (restart 0) KSP residual norm 9.174783e-01
  1 (restart 0) KSP residual norm 7.050534e-11
GMRES solver converged in 1 iteration (avg. reduction factor: 6.575e-12)
 Sol. ||E|| = 1.072397e+01 (||RHS|| = 6.588294e-01)
 Field energy E (1.370e-11 J) + H (1.121e-11 J) = 2.491e-11 J
 S[1][2] = +9.860e-01-1.559e-01i, |S[1][2]| = -1.506e-02, arg(S[1][2]) = -8.985e+00
 S[2][2] = -2.414e-03-1.563e-02i, |S[2][2]| = -3.602e+01, arg(S[2][2]) = -9.878e+01
 S[3][2] = +9.147e-04+2.711e-04i, |S[3][2]| = -6.041e+01, arg(S[3][2]) = +1.651e+01
 S[4][2] = +8.750e-03+5.536e-02i, |S[4][2]| = -2.503e+01, arg(S[4][2]) = +8.102e+01

 Wrote fields to disk (Paraview) at step 1
 Updating solution error estimates

Sweeping excitation index 3 (3/4):

It 1/1: ω/2π = 1.000e+00 GHz (total elapsed time = 1.24e+00 s, solve 3/4)

  Residual norms for GMRES solve
  0 (restart 0) KSP residual norm 1.846394e+01
  1 (restart 0) KSP residual norm 1.873232e-09
GMRES solver converged in 1 iteration (avg. reduction factor: 1.709e-10)
 Sol. ||E|| = 1.096010e+01 (||RHS|| = 6.609969e-01)
 Field energy E (1.378e-11 J) + H (1.121e-11 J) = 2.499e-11 J
 S[1][3] = +8.809e-03+5.535e-02i, |S[1][3]| = -2.503e+01, arg(S[1][3]) = +8.096e+01
 S[2][3] = +9.147e-04+2.711e-04i, |S[2][3]| = -6.041e+01, arg(S[2][3]) = +1.651e+01
 S[3][3] = -2.602e-03-1.615e-02i, |S[3][3]| = -3.573e+01, arg(S[3][3]) = -9.915e+01
 S[4][3] = +9.859e-01-1.564e-01i, |S[4][3]| = -1.514e-02, arg(S[4][3]) = -9.016e+00

 Wrote fields to disk (Paraview) at step 1
 Updating solution error estimates

Sweeping excitation index 4 (4/4):

It 1/1: ω/2π = 1.000e+00 GHz (total elapsed time = 1.69e+00 s, solve 4/4)

  Residual norms for GMRES solve
  0 (restart 0) KSP residual norm 9.448876e-01
  1 (restart 0) KSP residual norm 6.538519e-11
GMRES solver converged in 1 iteration (avg. reduction factor: 5.965e-12)
 Sol. ||E|| = 1.096090e+01 (||RHS|| = 6.589564e-01)
 Field energy E (1.378e-11 J) + H (1.121e-11 J) = 2.499e-11 J
 S[1][4] = +9.395e-04+2.641e-04i, |S[1][4]| = -6.021e+01, arg(S[1][4]) = +1.570e+01
 S[2][4] = +8.750e-03+5.536e-02i, |S[2][4]| = -2.503e+01, arg(S[2][4]) = +8.102e+01
 S[3][4] = +9.859e-01-1.564e-01i, |S[3][4]| = -1.514e-02, arg(S[3][4]) = -9.016e+00
 S[4][4] = -2.561e-03-1.615e-02i, |S[4][4]| = -3.573e+01, arg(S[4][4]) = -9.901e+01

 Wrote fields to disk (Paraview) at step 1
 Updating solution error estimates

Completed 0 iterations of adaptive mesh refinement (AMR):
 Indicator norm = 5.115e-01, global unknowns = 21262
 Max. iterations = 0, tol. = 1.000e-02

Estimated peak per-rank memory usage is: Min. 647.3M, Max. 647.3M, Avg. 647.3M, Total 647.3M
Estimated peak per-node memory usage is: Min. 647.3M, Max. 647.3M, Avg. 647.3M, Total 647.3M

Elapsed Time Report (s)           Min.        Max.        Avg.
==============================================================
Initialization                   0.017       0.017       0.017
  Mesh Preprocessing             0.081       0.081       0.081
Operator Construction            0.036       0.036       0.036
Linear Solve                     0.031       0.031       0.031
  Setup                          0.319       0.319       0.319
  Preconditioner                 0.910       0.910       0.910
Estimation                       0.020       0.020       0.020
  Construction                   0.181       0.181       0.181
  Solve                          0.592       0.592       0.592
Postprocessing                   0.038       0.038       0.038
  Paraview                       0.166       0.166       0.166
Disk IO                          0.027       0.027       0.027
--------------------------------------------------------------
Total                            2.481       2.481       2.481

Peak Memory                   Per-Node       Total   Total HWM
==============================================================
Initialization                    1.4M        1.4M        1.4M
  Mesh Preprocessing             11.0M       11.0M       12.3M
Operator Construction            10.4M       10.4M       22.8M
Linear Solve                      1.0M        1.0M       23.8M
  Setup                         125.5M      125.5M      149.3M
  Preconditioner                407.2M      407.2M      556.5M
Estimation                       10.1M       10.1M      566.6M
  Construction                   32.7M       32.7M      599.3M
  Solve                           5.2M        5.2M      604.5M
Postprocessing                    6.9M        6.9M      611.4M
  Paraview                        5.0M        5.0M      616.4M
Disk IO                           7.7M        7.7M      624.0M
--------------------------------------------------------------
Total                           640.7M      640.7M      640.7M

