
_____________     _______
_____   __   \____ __   /____ ____________
____   /_/  /  __ ` /  /  __ ` /  ___/  _ \
___   _____/  /_/  /  /  /_/  /  /__/  ___/
  /__/     \___,__/__/\___,__/\_____\_____/

Git changeset ID: v0.18.1-dirty
Running with 1 MPI process
Device configuration: cpu
Memory configuration: host-std
libCEED backend: /cpu/self/opt/blocked

Added 1382 boundary elements for material interfaces to the mesh

Characteristic length and time scales:
 Lc = 8.000e-03 m, tc = 2.669e-02 ns
Finished partitioning mesh into 1 subdomain

Mesh curvature order: 1
Mesh bounding box:
 (Xmin, Ymin, Zmin) = (-4.000e-03, -2.200e-03, -1.000e-03) m
 (Xmax, Ymax, Zmax) = (+4.000e-03, +2.200e-03, +1.270e-03) m

Parallel Mesh Stats:

                minimum     average     maximum       total
 vertices          3006        3006        3006        3006
 edges            17118       17118       17118       17118
 faces            26170       26170       26170       26170
 elements         12054       12054       12054       12054
 neighbors            0           0           0

            minimum     maximum
 h       0.00565132    0.100639
 kappa      1.03223     11.3963

Estimated current per-rank memory usage is: Min. 24.3M, Max. 24.3M, Avg. 24.3M, Total 24.3M
Estimated current per-node memory usage is: Min. 24.3M, Max. 24.3M, Avg. 24.3M, Total 24.3M

Configuring Robin absorbing BC (order 1) at attributes:
 13

Configuring Robin impedance BC for lumped ports at attributes:
 21: Rs = 5.000e+01 Ω/sq, n = (+1.0,+0.0,+0.0)
 22: Rs = 5.000e+01 Ω/sq, n = (+1.0,+0.0,+0.0)
 23: Rs = 5.000e+01 Ω/sq, n = (+1.0,+0.0,+0.0)
 24: Rs = 5.000e+01 Ω/sq, n = (+1.0,+0.0,+0.0)

Configuring lumped port circuit properties:
 Index = 1: R = 5.000e+01 Ω
 Index = 2: R = 5.000e+01 Ω
 Index = 3: R = 5.000e+01 Ω
 Index = 4: R = 5.000e+01 Ω

Configuring lumped port excitation source term at attributes:
 21: Index = 1
 22: Index = 2
 23: Index = 3
 24: Index = 4

Configuring Dirichlet PEC BC at attributes:
 11-12, 14

Computing frequency response for:
Excitation 1/4 with index 1 has contributions from:
 Lumped port  1
Excitation 2/4 with index 2 has contributions from:
 Lumped port  2
Excitation 3/4 with index 3 has contributions from:
 Lumped port  3
Excitation 4/4 with index 4 has contributions from:
 Lumped port  4

Assembling system matrices, number of global unknowns:
 H1 (p = 1): 3006, ND (p = 1): 17118, RT (p = 1): 26170
 Operator assembly level: Partial
 Mesh geometries:
  Tetrahedron: P = 6, Q = 4 (quadrature order = 2)

Sweeping excitation index 1 (1/4):

Assembling multigrid hierarchy:
 Level 0 (p = 1): 17118 unknowns
 Level 0 (auxiliary) (p = 1): 3006 unknowns

It 1/1: ω/2π = 1.000e+00 GHz (total elapsed time = 6.35e-02 s, solve 1/4)

  Residual norms for GMRES solve
  0 (restart 0) KSP residual norm 8.650456e+00
  1 (restart 0) KSP residual norm 2.799164e-10
GMRES solver converged in 1 iteration (avg. reduction factor: 3.236e-11)
 Sol. ||E|| = 8.650456e+00 (||RHS|| = 7.614993e-01)
 Field energy E (1.236e-11 J) + H (1.144e-11 J) = 2.380e-11 J
 S[1][1] = -8.358e-04-5.830e-03i, |S[1][1]| = -4.460e+01, arg(S[1][1]) = -9.816e+01
 S[2][1] = +9.887e-01-1.490e-01i, |S[2][1]| = -8.056e-04, arg(S[2][1]) = -8.568e+00
 S[3][1] = +7.796e-04+5.381e-03i, |S[3][1]| = -4.529e+01, arg(S[3][1]) = +8.176e+01
 S[4][1] = -4.121e-04-2.807e-03i, |S[4][1]| = -5.094e+01, arg(S[4][1]) = -9.835e+01

 Wrote fields to disk (Paraview) at step 1
 Updating solution error estimates

Sweeping excitation index 2 (2/4):

It 1/1: ω/2π = 1.000e+00 GHz (total elapsed time = 6.00e-01 s, solve 2/4)

  Residual norms for GMRES solve
  0 (restart 0) KSP residual norm 8.545774e-01
  1 (restart 0) KSP residual norm 3.042247e-11
GMRES solver converged in 1 iteration (avg. reduction factor: 3.517e-12)
 Sol. ||E|| = 8.650142e+00 (||RHS|| = 7.614993e-01)
 Field energy E (1.236e-11 J) + H (1.144e-11 J) = 2.380e-11 J
 S[1][2] = +9.887e-01-1.490e-01i, |S[1][2]| = -8.056e-04, arg(S[1][2]) = -8.568e+00
 S[2][2] = -8.916e-04-5.821e-03i, |S[2][2]| = -4.460e+01, arg(S[2][2]) = -9.871e+01
 S[3][2] = -4.116e-04-2.807e-03i, |S[3][2]| = -5.094e+01, arg(S[3][2]) = -9.834e+01
 S[4][2] = +7.839e-04+5.381e-03i, |S[4][2]| = -4.529e+01, arg(S[4][2]) = +8.171e+01

 Wrote fields to disk (Paraview) at step 1
 Updating solution error estimates

Sweeping excitation index 3 (3/4):

It 1/1: ω/2π = 1.000e+00 GHz (total elapsed time = 9.31e-01 s, solve 3/4)

  Residual norms for GMRES solve
  0 (restart 0) KSP residual norm 1.242562e+01
  1 (restart 0) KSP residual norm 4.609117e-10
GMRES solver converged in 1 iteration (avg. reduction factor: 5.392e-11)
 Sol. ||E|| = 8.547372e+00 (||RHS|| = 7.614993e-01)
 Field energy E (1.231e-11 J) + H (1.143e-11 J) = 2.374e-11 J
 S[1][3] = +7.796e-04+5.381e-03i, |S[1][3]| = -4.529e+01, arg(S[1][3]) = +8.176e+01
 S[2][3] = -4.116e-04-2.807e-03i, |S[2][3]| = -5.094e+01, arg(S[2][3]) = -9.834e+01
 S[3][3] = -8.072e-04-5.549e-03i, |S[3][3]| = -4.502e+01, arg(S[3][3]) = -9.828e+01
 S[4][3] = +9.888e-01-1.486e-01i, |S[4][3]| = -7.883e-04, arg(S[4][3]) = -8.546e+00

 Wrote fields to disk (Paraview) at step 1
 Updating solution error estimates

Sweeping excitation index 4 (4/4):

It 1/1: ω/2π = 1.000e+00 GHz (total elapsed time = 1.28e+00 s, solve 4/4)

  Residual norms for GMRES solve
  0 (restart 0) KSP residual norm 8.310356e-01
  1 (restart 0) KSP residual norm 4.310943e-11
GMRES solver converged in 1 iteration (avg. reduction factor: 5.044e-12)
 Sol. ||E|| = 8.547300e+00 (||RHS|| = 7.614993e-01)
 Field energy E (1.231e-11 J) + H (1.143e-11 J) = 2.374e-11 J
 S[1][4] = -4.121e-04-2.807e-03i, |S[1][4]| = -5.094e+01, arg(S[1][4]) = -9.835e+01
 S[2][4] = +7.839e-04+5.381e-03i, |S[2][4]| = -4.529e+01, arg(S[2][4]) = +8.171e+01
 S[3][4] = +9.888e-01-1.486e-01i, |S[3][4]| = -7.883e-04, arg(S[3][4]) = -8.546e+00
 S[4][4] = -8.310e-04-5.545e-03i, |S[4][4]| = -4.502e+01, arg(S[4][4]) = -9.852e+01

 Wrote fields to disk (Paraview) at step 1
 Updating solution error estimates

Completed 0 iterations of adaptive mesh refinement (AMR):
 Indicator norm = 5.067e-01, global unknowns = 17118
 Max. iterations = 0, tol. = 1.000e-02

Estimated peak per-rank memory usage is: Min. 529.9M, Max. 529.9M, Avg. 529.9M, Total 529.9M
Estimated peak per-node memory usage is: Min. 529.9M, Max. 529.9M, Avg. 529.9M, Total 529.9M

Elapsed Time Report (s)           Min.        Max.        Avg.
==============================================================
Initialization                   0.014       0.014       0.014
  Mesh Preprocessing             0.068       0.068       0.068
Operator Construction            0.030       0.030       0.030
Linear Solve                     0.026       0.026       0.026
  Setup                          0.260       0.260       0.260
  Preconditioner                 0.737       0.737       0.737
Estimation                       0.016       0.016       0.016
  Construction                   0.143       0.143       0.143
  Solve                          0.322       0.322       0.322
Postprocessing                   0.036       0.036       0.036
  Paraview                       0.143       0.143       0.143
Disk IO                          0.022       0.022       0.022
--------------------------------------------------------------
Total                            1.875       1.875       1.875

Peak Memory                   Per-Node       Total   Total HWM
==============================================================
Initialization                    1.4M        1.4M        1.4M
  Mesh Preprocessing              9.8M        9.8M       11.2M
Operator Construction             8.8M        8.8M       20.0M
Linear Solve                     80.0K       80.0K       20.1M
  Setup                         105.6M      105.6M      125.7M
  Preconditioner                317.0M      317.0M      442.7M
Estimation                        8.2M        8.2M      450.9M
  Construction                   27.0M       27.0M      477.9M
  Solve                           8.4M        8.4M      486.3M
Postprocessing                    7.6M        7.6M      494.0M
  Paraview                        6.5M        6.5M      500.4M
Disk IO                           6.2M        6.2M      506.7M
--------------------------------------------------------------
Total                           523.2M      523.2M      523.2M

