
_____________     _______
_____   __   \____ __   /____ ____________
____   /_/  /  __ ` /  /  __ ` /  ___/  _ \
___   _____/  /_/  /  /  /_/  /  /__/  ___/
  /__/     \___,__/__/\___,__/\_____\_____/

Git changeset ID: v0.18.1-dirty
Running with 1 MPI process
Device configuration: cpu
Memory configuration: host-std
libCEED backend: /cpu/self/opt/blocked

Added 1338 boundary elements for material interfaces to the mesh

Characteristic length and time scales:
 Lc = 8.000e-03 m, tc = 2.669e-02 ns
Finished partitioning mesh into 1 subdomain

Mesh curvature order: 1
Mesh bounding box:
 (Xmin, Ymin, Zmin) = (-4.000e-03, -2.200e-03, -1.000e-03) m
 (Xmax, Ymax, Zmax) = (+4.000e-03, +2.200e-03, +1.270e-03) m

Parallel Mesh Stats:

                minimum     average     maximum       total
 vertices          2965        2965        2965        2965
 edges            16876       16876       16876       16876
 faces            25788       25788       25788       25788
 elements         11873       11873       11873       11873
 neighbors            0           0           0

            minimum     maximum
 h       0.00556754     0.11152
 kappa      1.04364     12.2324

Estimated current per-rank memory usage is: Min. 23.2M, Max. 23.2M, Avg. 23.2M, Total 23.2M
Estimated current per-node memory usage is: Min. 23.2M, Max. 23.2M, Avg. 23.2M, Total 23.2M

Configuring Robin absorbing BC (order 1) at attributes:
 13

Configuring Robin impedance BC for lumped ports at attributes:
 21: Rs = 5.000e+01 Ω/sq, n = (+1.0,+0.0,+0.0)
 22: Rs = 5.000e+01 Ω/sq, n = (+1.0,+0.0,+0.0)
 23: Rs = 5.000e+01 Ω/sq, n = (+1.0,+0.0,+0.0)
 24: Rs = 5.000e+01 Ω/sq, n = (+1.0,+0.0,+0.0)

Configuring lumped port circuit properties:
 Index = 1: R = 5.000e+01 Ω
 Index = 2: R = 5.000e+01 Ω
 Index = 3: R = 5.000e+01 Ω
 Index = 4: R = 5.000e+01 Ω

Configuring lumped port excitation source term at attributes:
 21: Index = 1
 22: Index = 2
 23: Index = 3
 24: Index = 4

Configuring Dirichlet PEC BC at attributes:
 11-12, 14

Computing frequency response for:
Excitation 1/4 with index 1 has contributions from:
 Lumped port  1
Excitation 2/4 with index 2 has contributions from:
 Lumped port  2
Excitation 3/4 with index 3 has contributions from:
 Lumped port  3
Excitation 4/4 with index 4 has contributions from:
 Lumped port  4

Assembling system matrices, number of global unknowns:
 H1 (p = 1): 2965, ND (p = 1): 16876, RT (p = 1): 25788
 Operator assembly level: Partial
 Mesh geometries:
  Tetrahedron: P = 6, Q = 4 (quadrature order = 2)

Sweeping excitation index 1 (1/4):

Assembling multigrid hierarchy:
 Level 0 (p = 1): 16876 unknowns
 Level 0 (auxiliary) (p = 1): 2965 unknowns

It 1/1: ω/2π = 1.000e+00 GHz (total elapsed time = 6.32e-02 s, solve 1/4)

  Residual norms for GMRES solve
  0 (restart 0) KSP residual norm 9.824888e+00
  1 (restart 0) KSP residual norm 6.294018e-10
GMRES solver converged in 1 iteration (avg. reduction factor: 6.406e-11)
 Sol. ||E|| = 9.824888e+00 (||RHS|| = 5.701414e-01)
 Field energy E (1.428e-11 J) + H (1.107e-11 J) = 2.535e-11 J
 S[1][1] = -3.439e-03-2.014e-02i, |S[1][1]| = -3.380e+01, arg(S[1][1]) = -9.969e+01
 S[2][1] = +9.853e-01-1.587e-01i, |S[2][1]| = -1.756e-02, arg(S[2][1]) = -9.149e+00
 S[3][1] = +9.470e-03+5.873e-02i, |S[3][1]| = -2.451e+01, arg(S[3][1]) = +8.084e+01
 S[4][1] = +1.533e-03+2.165e-03i, |S[4][1]| = -5.153e+01, arg(S[4][1]) = +5.471e+01

 Wrote fields to disk (Paraview) at step 1
 Updating solution error estimates

Sweeping excitation index 2 (2/4):

It 1/1: ω/2π = 1.000e+00 GHz (total elapsed time = 5.62e-01 s, solve 2/4)

  Residual norms for GMRES solve
  0 (restart 0) KSP residual norm 8.617180e-01
  1 (restart 0) KSP residual norm 4.434567e-11
GMRES solver converged in 1 iteration (avg. reduction factor: 4.513e-12)
 Sol. ||E|| = 9.825253e+00 (||RHS|| = 5.701414e-01)
 Field energy E (1.428e-11 J) + H (1.107e-11 J) = 2.535e-11 J
 S[1][2] = +9.853e-01-1.587e-01i, |S[1][2]| = -1.756e-02, arg(S[1][2]) = -9.149e+00
 S[2][2] = -3.330e-03-2.015e-02i, |S[2][2]| = -3.380e+01, arg(S[2][2]) = -9.938e+01
 S[3][2] = +1.522e-03+2.168e-03i, |S[3][2]| = -5.154e+01, arg(S[3][2]) = +5.493e+01
 S[4][2] = +9.502e-03+5.872e-02i, |S[4][2]| = -2.451e+01, arg(S[4][2]) = +8.081e+01

 Wrote fields to disk (Paraview) at step 1
 Updating solution error estimates

Sweeping excitation index 3 (3/4):

It 1/1: ω/2π = 1.000e+00 GHz (total elapsed time = 8.97e-01 s, solve 3/4)

  Residual norms for GMRES solve
  0 (restart 0) KSP residual norm 1.660956e+01
  1 (restart 0) KSP residual norm 1.190086e-09
GMRES solver converged in 1 iteration (avg. reduction factor: 1.203e-10)
 Sol. ||E|| = 9.896197e+00 (||RHS|| = 5.701414e-01)
 Field energy E (1.415e-11 J) + H (1.107e-11 J) = 2.522e-11 J
 S[1][3] = +9.470e-03+5.873e-02i, |S[1][3]| = -2.451e+01, arg(S[1][3]) = +8.084e+01
 S[2][3] = +1.522e-03+2.168e-03i, |S[2][3]| = -5.154e+01, arg(S[2][3]) = +5.493e+01
 S[3][3] = -3.269e-03-1.935e-02i, |S[3][3]| = -3.414e+01, arg(S[3][3]) = -9.959e+01
 S[4][3] = +9.854e-01-1.578e-01i, |S[4][3]| = -1.742e-02, arg(S[4][3]) = -9.100e+00

 Wrote fields to disk (Paraview) at step 1
 Updating solution error estimates

Sweeping excitation index 4 (4/4):

It 1/1: ω/2π = 1.000e+00 GHz (total elapsed time = 1.21e+00 s, solve 4/4)

  Residual norms for GMRES solve
  0 (restart 0) KSP residual norm 8.560533e-01
  1 (restart 0) KSP residual norm 4.771715e-11
GMRES solver converged in 1 iteration (avg. reduction factor: 4.822e-12)
 Sol. ||E|| = 9.896425e+00 (||RHS|| = 7.614993e-01)
 Field energy E (1.415e-11 J) + H (1.107e-11 J) = 2.522e-11 J
 S[1][4] = +1.533e-03+2.165e-03i, |S[1][4]| = -5.153e+01, arg(S[1][4]) = +5.471e+01
 S[2][4] = +9.502e-03+5.872e-02i, |S[2][4]| = -2.451e+01, arg(S[2][4]) = +8.081e+01
 S[3][4] = +9.854e-01-1.578e-01i, |S[3][4]| = -1.742e-02, arg(S[3][4]) = -9.100e+00
 S[4][4] = -3.212e-03-1.936e-02i, |S[4][4]| = -3.414e+01, arg(S[4][4]) = -9.942e+01

 Wrote fields to disk (Paraview) at step 1
 Updating solution error estimates

Completed 0 iterations of adaptive mesh refinement (AMR):
 Indicator norm = 5.306e-01, global unknowns = 16876
 Max. iterations = 0, tol. = 1.000e-02

Estimated peak per-rank memory usage is: Min. 517.6M, Max. 517.6M, Avg. 517.6M, Total 517.6M
Estimated peak per-node memory usage is: Min. 517.6M, Max. 517.6M, Avg. 517.6M, Total 517.6M

Elapsed Time Report (s)           Min.        Max.        Avg.
==============================================================
Initialization                   0.014       0.014       0.014
  Mesh Preprocessing             0.067       0.067       0.067
Operator Construction            0.031       0.031       0.031
Linear Solve                     0.025       0.025       0.025
  Setup                          0.249       0.249       0.249
  Preconditioner                 0.701       0.701       0.701
Estimation                       0.012       0.012       0.012
  Construction                   0.141       0.141       0.141
  Solve                          0.308       0.308       0.308
Postprocessing                   0.033       0.033       0.033
  Paraview                       0.131       0.131       0.131
Disk IO                          0.021       0.021       0.021
--------------------------------------------------------------
Total                            1.776       1.776       1.776

Peak Memory                   Per-Node       Total   Total HWM
==============================================================
Initialization                    1.4M        1.4M        1.4M
  Mesh Preprocessing              8.6M        8.6M       10.0M
Operator Construction             8.7M        8.7M       18.7M
Linear Solve                    144.0K      144.0K       18.8M
  Setup                          99.3M       99.3M      118.1M
  Preconditioner                311.4M      311.4M      429.5M
Estimation                        8.1M        8.1M      437.6M
  Construction                   26.8M       26.8M      464.5M
  Solve                           8.2M        8.2M      472.7M
Postprocessing                    8.8M        8.8M      481.5M
  Paraview                        6.5M        6.5M      488.0M
Disk IO                           6.2M        6.2M      494.3M
--------------------------------------------------------------
Total                           510.9M      510.9M      510.9M

